// Jest Snapshot v1, https://goo.gl/fbAQLP

exports[`ProfileScreen renders profile screen unchanged 1`] = `
<div>
  <div
    class="flex flex-col gap-4"
  >
    <div
      class="rounded-lg border bg-card text-card-foreground shadow-sm"
    >
      <div
        class="flex flex-col space-y-1.5 p-6"
      >
        <h3
          class="text-2xl font-semibold leading-none tracking-tight"
        >
          User
        </h3>
      </div>
      <div
        class="p-6 pt-0"
      >
        <div
          class="flex items-center gap-4"
        >
          <span
            class="relative shrink-0 overflow-hidden rounded-full hidden h-9 w-9 sm:flex"
          >
            <span
              class="flex h-full w-full items-center justify-center rounded-full bg-muted"
            >
              <svg
                class="lucide lucide-circle-user h-5 w-5"
                fill="none"
                height="24"
                stroke="currentColor"
                stroke-linecap="round"
                stroke-linejoin="round"
                stroke-width="2"
                viewBox="0 0 24 24"
                width="24"
                xmlns="http://www.w3.org/2000/svg"
              >
                <circle
                  cx="12"
                  cy="12"
                  r="10"
                />
                <circle
                  cx="12"
                  cy="10"
                  r="3"
                />
                <path
                  d="M7 20.662V19a2 2 0 0 1 2-2h6a2 2 0 0 1 2 2v1.662"
                />
              </svg>
            </span>
          </span>
          <div
            class="grid gap-1"
          >
            <p
              class="text-sm font-medium leading-none"
            >
              Eason
               
              Chang
            </p>
            <p
              class="text-sm text-muted-foreground"
            >
              eason@example.com
            </p>
          </div>
        </div>
      </div>
    </div>
    <div
      class="rounded-lg border bg-card text-card-foreground shadow-sm"
    >
      <div
        class="flex flex-col space-y-1.5 p-6"
      >
        <h3
          class="text-2xl font-semibold leading-none tracking-tight"
        >
          Company
        </h3>
      </div>
      <div
        class="p-6 pt-0 grid gap-4"
      >
        <div
          class="grid grid-cols-2 gap-2"
        >
          <div
            class="text-sm text-gray-500"
          >
            Legal Name:
          </div>
          <div
            class="text-sm"
          >
            ACME Inc.
          </div>
        </div>
        <div
          class="grid grid-cols-2 gap-2"
        >
          <div
            class="text-sm text-gray-500"
          >
            Business Type:
          </div>
          <div
            class="text-sm"
          >
            Digital products
          </div>
        </div>
        <div
          class="grid grid-cols-2 gap-2"
        >
          <div
            class="text-sm text-gray-500"
          >
            Industry:
          </div>
          <div
            class="text-sm"
          >
            Apps
          </div>
        </div>
        <div
          class="grid grid-cols-2 gap-2"
        >
          <div
            class="text-sm text-gray-500"
          >
            Website:
          </div>
          <div
            class="text-sm"
          >
            https://acme.com
          </div>
        </div>
        <div
          class="grid grid-cols-2 gap-2"
        >
          <div
            class="text-sm text-gray-500"
          >
            Business Registration:
          </div>
          <div
            class="text-sm"
          >
            corporate
          </div>
        </div>
        <div
          class="grid grid-cols-2 gap-2"
        >
          <div
            class="text-sm text-gray-500"
          >
            Phone:
          </div>
          <div
            class="text-sm"
          >
            1234567890
          </div>
        </div>
        <div
          class="grid grid-cols-2 gap-2"
        >
          <div
            class="text-sm text-gray-500"
          >
            Business Number:
          </div>
          <div
            class="text-sm"
          >
            123456789
          </div>
        </div>
        <div
          class="grid grid-cols-2 gap-2"
        >
          <div
            class="text-sm text-gray-500 "
          >
            Expected Activity:
          </div>
          <div
            class="text-sm"
          >
            Get my invoices paid early
          </div>
        </div>
        <div
          class="grid grid-cols-2 gap-2"
        >
          <div
            class="text-sm text-gray-500 "
          >
            Early Pay Intent:
          </div>
          <div
            class="text-sm"
          >
            Yes
          </div>
        </div>
      </div>
    </div>
  </div>
</div>
`;
