// Jest Snapshot v1, https://goo.gl/fbAQLP

exports[`ProfileUnauthorizedScreen renders unauthorized screen unchanged 1`] = `
<div>
  <div
    class="flex items-center justify-center p-8"
  >
    <div
      class="flex flex-col items-center gap-1 text-center"
    >
      <h3
        class="text-3xl font-bold tracking-tight"
      >
        401 Unauthorized
      </h3>
      <p
        class="text-muted-foreground"
      >
        Please login to continue
      </p>
      <a
        href="/login"
      >
        <button
          class="inline-flex items-center justify-center whitespace-nowrap rounded-md text-sm font-medium ring-offset-background transition-colors focus-visible:outline-none focus-visible:ring-2 focus-visible:ring-ring focus-visible:ring-offset-2 disabled:pointer-events-none disabled:opacity-50 bg-primary text-primary-foreground hover:bg-primary/90 h-10 px-4 py-2 mt-4"
        >
          Login
        </button>
      </a>
    </div>
  </div>
</div>
`;
